Docker is installed on the system. [32m✔[0m
Docker is installed at: /usr/bin/docker
[31mThe docker image: cyberphoenix is missing.[0m
[31mThe docker image: cryptomaze is missing.[0m
[31mThe docker image: challengehub is missing.[0m
[31mThe docker image: nanoseconds_count is missing.[0m
[31mThe docker image: insecureshell is missing.[0m
[31mThe docker image: docushield is missing.[0m
[31mThe docker image: docushield_adv is missing.[0m
[31mThe docker image: pfc_rivertown is missing.[0m
[31mThe docker image: global_bankers is missing.[0m
[31mThe docker image: chainfest is missing.[0m
[31mThe docker image: querysquad_alpha is missing.[0m
[31mThe docker image: querysquad_beta is missing.[0m
[31mThe docker image: querysquad_intro is missing.[0m
[31mThe docker image: querysquad_final is missing.[0m
[31mThe docker image: jump2kernel is missing.[0m
Available challenges:
N°   | Fullname                       | Shortname            | Exposed Port | Status
--------------------------------------------------------------------------------
Invalid secret key attempt from 127.0.0.1:55354
Docker is installed on the system. [32m✔[0m
Docker is installed at: /usr/bin/docker
[31mThe docker image: cyberphoenix is missing.[0m
[31mThe docker image: cryptomaze is missing.[0m
[31mThe docker image: challengehub is missing.[0m
[31mThe docker image: nanoseconds_count is missing.[0m
[31mThe docker image: insecureshell is missing.[0m
[31mThe docker image: docushield is missing.[0m
[31mThe docker image: docushield_adv is missing.[0m
[31mThe docker image: pfc_rivertown is missing.[0m
[31mThe docker image: global_bankers is missing.[0m
[31mThe docker image: chainfest is missing.[0m
[31mThe docker image: querysquad_alpha is missing.[0m
[31mThe docker image: querysquad_beta is missing.[0m
[31mThe docker image: querysquad_intro is missing.[0m
[31mThe docker image: querysquad_final is missing.[0m
[31mThe docker image: jump2kernel is missing.[0m
Available challenges:
N°   | Fullname                       | Shortname            | Exposed Port | Status
--------------------------------------------------------------------------------
Invalid secret key attempt from 127.0.0.1:49184
